*** 4椤归渶姹傚叏閮ㄩ獙璇侀€氳繃! ***
